Microchip MPLAB XC8 Compiler V2.10 ()

Linker command line:

-W-3 --edf=C:\Program Files (x86)\Microchip\xc8\v2.10\pic\dat\en_msgs.txt \
  -cs -h+dist/default/production\PROJETO.X.production.sym \
  --cmf=dist/default/production\PROJETO.X.production.cmf -z -Q18F4520 \
  -oC:\Users\rafae\AppData\Local\Temp\s7m4.2 --defsym=__MPLAB_BUILD=1 \
  -Mdist/default/production/PROJETO.X.production.map -E1 -ver=XC8 \
  --acfsm=1493 -ASTACK=094h-05FFh -pstack=STACK -ACODE=00h-07FFFh \
  -ACONST=00h-07FFFh -ASMALLCONST=0600h-06FFhx122 \
  -AMEDIUMCONST=0600h-07FFFh -ACOMRAM=01h-07Fh -AABS1=00h-05FFh \
  -ABIGRAM=01h-05FFh -ARAM=080h-0FFh,0100h-01FFhx5 -ABANK0=080h-0FFh \
  -ABANK1=0100h-01FFh -ABANK2=0200h-02FFh -ABANK3=0300h-03FFh \
  -ABANK4=0400h-04FFh -ABANK5=0500h-05FFh -ASFR=0F80h-0FFFh \
  -preset_vec=00h,intcode,intcodelo,powerup,init -pramtop=0600h \
  -psmallconst=SMALLCONST -pmediumconst=MEDIUMCONST -pconst=CONST \
  -AFARRAM=00h-00h -ACONFIG=0300000h-030000Dh -pconfig=CONFIG \
  -AIDLOC=0200000h-0200007h -pidloc=IDLOC -AEEDATA=0F00000h-0F000FFh \
  -peeprom_data=EEDATA \
  -prdata=COMRAM,nvrram=COMRAM,nvbit=COMRAM,rbss=COMRAM,rbit=COMRAM \
  -pfarbss=FARRAM,fardata=FARRAM,nvFARRAM=FARRAM \
  -pintsave_regs=BIGRAM,bigbss=BIGRAM,bigdata=BIGRAM -pbss=RAM \
  -pidata=CODE,irdata=CODE,ibigdata=CODE,ifardata=CODE -prparam=COMRAM \
  C:\Users\rafae\AppData\Local\Temp\s7m4.o \
  dist/default/production\PROJETO.X.production.o 

Object code version is 3.11

Machine type is 18F4520

Call graph: (short form)




                Name                               Link     Load   Length Selector   Space Scale
C:\Users\rafae\AppData\Local\Temp\s7m4.o
                init                                  0        0        4        0       0
                idloc                            200000   200000        8   200000       0
                config                           300000   300000        E   300000       0
dist/default/production\PROJETO.X.production.o
                smallconst                          600      600       8C      300       0
                text27                             1106     1106       74      346       0
                text26                             1250     1250       64      346       0
                text25                              C06      C06       FA      346       0
                text24                             11EC     11EC       64      346       0
                text23                             15E8     15E8        8      346       0
                text22                             1512     1512       2A      346       0
                text21                             1372     1372       5C      346       0
                text20                             14E8     14E8       2A      346       0
                text19                             1428     1428       50      346       0
                text18                             12B4     12B4       60      346       0
                text17                             15E0     15E0        8      346       0
                text16                             15CE     15CE        A      346       0
                text15                             15D8     15D8        8      346       0
                text14                             1314     1314       5E      346       0
                text13                              FF4      FF4       9E      346       0
                text12                              D00      D00       DC      346       0
                text11                             117A     117A       72      346       0
                text10                             1092     1092       74      346       0
                text9                               F50      F50       A4      346       0
                text8                              1582     1582       1E      346       0
                text7                               DDC      DDC       C4      346       0
                text6                               EA0      EA0       B0      346       0
                text5                              153C     153C       24      346       0
                text4                              1478     1478       42      346       0
                text3                              15A0     15A0       1A      346       0
                text2                              14BA     14BA       2E      346       0
                text1                               A3C      A3C      1CA      346       0
                text0                               68C      68C      3B0      346       0
                cstackCOMRAM                          1        1       3F        1       1
                dataBANK0                            80       80       14       80       1
                dataCOMRAM                           40       40       22        1       1
                bssCOMRAM                            62       62       1D        1       1
                cinit                              13CE     13CE       5A      346       0
                idataBANK0                         15BA     15BA       14      346       0
                idataCOMRAM                        1560     1560       22      346       0

TOTAL           Name                               Link     Load   Length     Space
        CLASS   STACK          

        CLASS   CODE           
                init                                  0        0        4         0
                text27                             1106     1106       74         0
                text26                             1250     1250       64         0
                text25                              C06      C06       FA         0
                text24                             11EC     11EC       64         0
                text23                             15E8     15E8        8         0
                text22                             1512     1512       2A         0
                text21                             1372     1372       5C         0
                text20                             14E8     14E8       2A         0
                text19                             1428     1428       50         0
                text18                             12B4     12B4       60         0
                text17                             15E0     15E0        8         0
                text16                             15CE     15CE        A         0
                text15                             15D8     15D8        8         0
                text14                             1314     1314       5E         0
                text13                              FF4      FF4       9E         0
                text12                              D00      D00       DC         0
                text11                             117A     117A       72         0
                text10                             1092     1092       74         0
                text9                               F50      F50       A4         0
                text8                              1582     1582       1E         0
                text7                               DDC      DDC       C4         0
                text6                               EA0      EA0       B0         0
                text5                              153C     153C       24         0
                text4                              1478     1478       42         0
                text3                              15A0     15A0       1A         0
                text2                              14BA     14BA       2E         0
                text1                               A3C      A3C      1CA         0
                text0                               68C      68C      3B0         0
                cinit                              13CE     13CE       5A         0
                idataBANK0                         15BA     15BA       14         0
                idataCOMRAM                        1560     1560       22         0

        CLASS   CONST          

        CLASS   SMALLCONST     
                smallconst                          600      600       8C         0

        CLASS   MEDIUMCONST    

        CLASS   COMRAM         
                cstackCOMRAM                          1        1       3F         1
                dataCOMRAM                           40       40       22         1
                bssCOMRAM                            62       62       1D         1

        CLASS   ABS1           

        CLASS   BIGRAM         

        CLASS   RAM            

        CLASS   BANK0          
                dataBANK0                            80       80       14         1

        CLASS   BANK1          

        CLASS   BANK2          

        CLASS   BANK3          

        CLASS   BANK4          

        CLASS   BANK5          

        CLASS   SFR            

        CLASS   FARRAM         

        CLASS   CONFIG         
                config                           300000   300000        E         0

        CLASS   IDLOC          
                idloc                            200000   200000        8         0

        CLASS   EEDATA         



SEGMENTS        Name                           Load    Length   Top    Selector   Space  Class

                reset_vec                      000000  000004  000004         0       0  CODE    
                cstackCOMRAM                   000001  00007E  00007F         1       1  COMRAM  
                dataBANK0                      000080  000014  000094        80       1  BANK0   
                smallconst                     000600  00008C  00068C       300       0  SMALLCON
                text0                          00068C  000F64  0015F0       346       0  CODE    
                idloc                          200000  000008  200008    200000       0  IDLOC   
                config                         300000  00000E  30000E    300000       0  CONFIG  


UNUSED ADDRESS RANGES

        Name                Unused          Largest block    Delta
        BANK0            000094-0000FF               6C
        BANK1            000100-0001FF              100
        BANK2            000200-0002FF              100
        BANK3            000300-0003FF              100
        BANK4            000400-0004FF              100
        BANK5            000500-0005FF              100
        BIGRAM           00007F-00007F                1
                         000094-0005FF              56C
        CODE             000004-0005FF              5FC
                         0015F0-007FFF             6A10
        COMRAM           00007F-00007F                1
        CONST            000004-0005FF              5FC
                         0015F0-007FFF             6A10
        EEDATA           F00000-F000FF              100
        MEDIUMCONST      0015F0-007FFF             6A10
        RAM              000094-0005FF              100
        SFR              000F80-000FFF               80
        SMALLCONST       0015F0-007FFF              100
        STACK            000094-0005FF              56C

                                  Symbol Table

?___awdiv                 cstackCOMRAM 000001
?___awmod                 cstackCOMRAM 000023
?___lwdiv                 cstackCOMRAM 000001
?___lwmod                 cstackCOMRAM 000008
?___omul                  cstackCOMRAM 000001
?_rand                    cstackCOMRAM 000019
__CFG_DEBUG$OFF           (abs)        000000
__CFG_LVP$OFF             (abs)        000000
__CFG_OSC$HS              (abs)        000000
__CFG_WDT$OFF             (abs)        000000
__CFG_WDTPS$1             (abs)        000000
__HRAM                    (abs)        000000
__Habs1                   abs1         000000
__Hbank0                  bank0        000000
__Hbank1                  bank1        000000
__Hbank2                  bank2        000000
__Hbank3                  bank3        000000
__Hbank4                  bank4        000000
__Hbank5                  bank5        000000
__Hbigbss                 bigbss       000000
__Hbigdata                bigdata      000000
__Hbigram                 bigram       000000
__Hbss                    bss          000000
__HbssCOMRAM              bssCOMRAM    000000
__Hcinit                  cinit        000000
__Hclrtext                clrtext      000000
__Hcomram                 comram       000000
__Hconfig                 config       30000E
__Hconst                  const        000000
__HcstackCOMRAM           cstackCOMRAM 000000
__Hdata                   data         000000
__HdataBANK0              dataBANK0    000000
__HdataCOMRAM             dataCOMRAM   000000
__Heeprom_data            eeprom_data  000000
__Hfarbss                 farbss       000000
__Hfardata                fardata      000000
__Hibigdata               ibigdata     000000
__Hidata                  idata        000000
__HidataBANK0             idataBANK0   000000
__HidataCOMRAM            idataCOMRAM  000000
__Hidloc                  idloc        200008
__Hifardata               ifardata     000000
__Hinit                   init         000004
__Hintcode                intcode      000000
__Hintcode_body           intcode_body 000000
__Hintcodelo              intcodelo    000000
__Hintentry               intentry     000000
__Hintret                 intret       000000
__Hintsave_regs           intsave_regs 000000
__Hirdata                 irdata       000000
__Hmediumconst            mediumconst  000000
__HnvFARRAM               nvFARRAM     000000
__Hnvbit                  nvbit        000000
__Hnvrram                 nvrram       000000
__Hparam                  rparam       000000
__Hpowerup                powerup      000000
__Hram                    ram          000000
__Hramtop                 ramtop       000600
__Hrbit                   rbit         000000
__Hrbss                   rbss         000000
__Hrdata                  rdata        000000
__Hreset_vec              reset_vec    000000
__Hrparam                 rparam       000000
__Hsfr                    sfr          000000
__Hsmallconst             smallconst   00068C
__Hspace_0                (abs)        30000E
__Hspace_1                (abs)        000094
__Hspace_2                (abs)        000000
__Hstack                  stack        000000
__Hstruct                 struct       000000
__Htemp                   temp         000000
__Htext                   text         000000
__Htext0                  text0        000000
__Htext1                  text1        000000
__Htext10                 text10       000000
__Htext11                 text11       000000
__Htext12                 text12       000000
__Htext13                 text13       000000
__Htext14                 text14       000000
__Htext15                 text15       000000
__Htext16                 text16       000000
__Htext17                 text17       000000
__Htext18                 text18       000000
__Htext19                 text19       000000
__Htext2                  text2        000000
__Htext20                 text20       000000
__Htext21                 text21       000000
__Htext22                 text22       000000
__Htext23                 text23       000000
__Htext24                 text24       000000
__Htext25                 text25       000000
__Htext26                 text26       000000
__Htext27                 text27       000000
__Htext3                  text3        000000
__Htext4                  text4        000000
__Htext5                  text5        000000
__Htext6                  text6        000000
__Htext7                  text7        000000
__Htext8                  text8        000000
__Htext9                  text9        000000
__LRAM                    (abs)        000001
__Labs1                   abs1         000000
__Lbank0                  bank0        000000
__Lbank1                  bank1        000000
__Lbank2                  bank2        000000
__Lbank3                  bank3        000000
__Lbank4                  bank4        000000
__Lbank5                  bank5        000000
__Lbigbss                 bigbss       000000
__Lbigdata                bigdata      000000
__Lbigram                 bigram       000000
__Lbss                    bss          000000
__LbssCOMRAM              bssCOMRAM    000000
__Lcinit                  cinit        000000
__Lclrtext                clrtext      000000
__Lcomram                 comram       000000
__Lconfig                 config       300000
__Lconst                  const        000000
__LcstackCOMRAM           cstackCOMRAM 000000
__Ldata                   data         000000
__LdataBANK0              dataBANK0    000000
__LdataCOMRAM             dataCOMRAM   000000
__Leeprom_data            eeprom_data  000000
__Lfarbss                 farbss       000000
__Lfardata                fardata      000000
__Libigdata               ibigdata     000000
__Lidata                  idata        000000
__LidataBANK0             idataBANK0   000000
__LidataCOMRAM            idataCOMRAM  000000
__Lidloc                  idloc        200000
__Lifardata               ifardata     000000
__Linit                   init         000000
__Lintcode                intcode      000000
__Lintcode_body           intcode_body 000000
__Lintcodelo              intcodelo    000000
__Lintentry               intentry     000000
__Lintret                 intret       000000
__Lintsave_regs           intsave_regs 000000
__Lirdata                 irdata       000000
__Lmediumconst            mediumconst  000000
__LnvFARRAM               nvFARRAM     000000
__Lnvbit                  nvbit        000000
__Lnvrram                 nvrram       000000
__Lparam                  rparam       000000
__Lpowerup                powerup      000000
__Lram                    ram          000000
__Lramtop                 ramtop       000600
__Lrbit                   rbit         000000
__Lrbss                   rbss         000000
__Lrdata                  rdata        000000
__Lreset_vec              reset_vec    000000
__Lrparam                 rparam       000000
__Lsfr                    sfr          000000
__Lsmallconst             smallconst   000600
__Lspace_0                (abs)        000000
__Lspace_1                (abs)        000000
__Lspace_2                (abs)        000000
__Lstack                  stack        000000
__Lstruct                 struct       000000
__Ltemp                   temp         000000
__Ltext                   text         000000
__Ltext0                  text0        000000
__Ltext1                  text1        000000
__Ltext10                 text10       000000
__Ltext11                 text11       000000
__Ltext12                 text12       000000
__Ltext13                 text13       000000
__Ltext14                 text14       000000
__Ltext15                 text15       000000
__Ltext16                 text16       000000
__Ltext17                 text17       000000
__Ltext18                 text18       000000
__Ltext19                 text19       000000
__Ltext2                  text2        000000
__Ltext20                 text20       000000
__Ltext21                 text21       000000
__Ltext22                 text22       000000
__Ltext23                 text23       000000
__Ltext24                 text24       000000
__Ltext25                 text25       000000
__Ltext26                 text26       000000
__Ltext27                 text27       000000
__Ltext3                  text3        000000
__Ltext4                  text4        000000
__Ltext5                  text5        000000
__Ltext6                  text6        000000
__Ltext7                  text7        000000
__Ltext8                  text8        000000
__Ltext9                  text9        000000
__S0                      (abs)        30000E
__S1                      (abs)        000094
__S2                      (abs)        000000
___awdiv                  text7        000DDC
___awdiv@counter          cstackCOMRAM 000005
___awdiv@dividend         cstackCOMRAM 000001
___awdiv@divisor          cstackCOMRAM 000003
___awdiv@quotient         cstackCOMRAM 000007
___awdiv@sign             cstackCOMRAM 000006
___awmod                  text6        000EA0
___awmod@counter          cstackCOMRAM 000027
___awmod@dividend         cstackCOMRAM 000023
___awmod@divisor          cstackCOMRAM 000025
___awmod@sign             cstackCOMRAM 000028
___inthi_sp               stack        000000
___intlo_sp               stack        000000
___lwdiv                  text27       001106
___lwdiv@counter          cstackCOMRAM 000007
___lwdiv@dividend         cstackCOMRAM 000001
___lwdiv@divisor          cstackCOMRAM 000003
___lwdiv@quotient         cstackCOMRAM 000005
___lwmod                  text26       001250
___lwmod@counter          cstackCOMRAM 00000C
___lwmod@dividend         cstackCOMRAM 000008
___lwmod@divisor          cstackCOMRAM 00000A
___omul                   text13       000FF4
___omul@multiplicand      cstackCOMRAM 000009
___omul@multiplier        cstackCOMRAM 000001
___omul@product           cstackCOMRAM 000011
___param_bank             (abs)        000000
___rparam_used            (abs)        000001
___sp                     stack        000000
__accesstop               (abs)        000080
__activetblptr            (abs)        000001
__end_of___awdiv          text7        000EA0
__end_of___awmod          text6        000F50
__end_of___lwdiv          text27       00117A
__end_of___lwmod          text26       0012B4
__end_of___omul           text13       001092
__end_of__initialization  cinit        00141A
__end_of_atraso_ms        text24       001250
__end_of_configuraLed     text17       0015E8
__end_of_conta            text25       000D00
__end_of_desligarLedVet   text16       0015D8
__end_of_ht1380read       text9        000FF4
__end_of_ht1380write      text5        001560
__end_of_lcd_cmd          text22       00153C
__end_of_lcd_dat          text20       001512
__end_of_lcd_init         text21       0013CE
__end_of_lcd_str          text19       001478
__end_of_lcd_wr           text23       0015F0
__end_of_ligarLedVet      text15       0015E0
__end_of_linha            smallconst   000605
__end_of_loading          text18       001314
__end_of_main             text0        000A3C
__end_of_mostraPontuacao  text14       001372
__end_of_rand             text12       000DDC
__end_of_readByte         text11       0011EC
__end_of_rtcGetSeconds    text8        0015A0
__end_of_rtcInit          text3        0015BA
__end_of_rtcPutSeconds    text4        0014BA
__end_of_srand            text2        0014E8
__end_of_tc_tecla         text1        000C06
__end_of_writeByte        text10       001106
__initialization          cinit        0013CE
__mediumconst             mediumconst  000000
__pbssCOMRAM              bssCOMRAM    000062
__pcinit                  cinit        0013CE
__pcstackCOMRAM           cstackCOMRAM 000001
__pdataBANK0              dataBANK0    000080
__pdataCOMRAM             dataCOMRAM   000040
__pidataBANK0             idataBANK0   0015BA
__pidataCOMRAM            idataCOMRAM  001560
__psmallconst             smallconst   000600
__ptext0                  text0        00068C
__ptext1                  text1        000A3C
__ptext10                 text10       001092
__ptext11                 text11       00117A
__ptext12                 text12       000D00
__ptext13                 text13       000FF4
__ptext14                 text14       001314
__ptext15                 text15       0015D8
__ptext16                 text16       0015CE
__ptext17                 text17       0015E0
__ptext18                 text18       0012B4
__ptext19                 text19       001428
__ptext2                  text2        0014BA
__ptext20                 text20       0014E8
__ptext21                 text21       001372
__ptext22                 text22       001512
__ptext23                 text23       0015E8
__ptext24                 text24       0011EC
__ptext25                 text25       000C06
__ptext26                 text26       001250
__ptext27                 text27       001106
__ptext3                  text3        0015A0
__ptext4                  text4        001478
__ptext5                  text5        00153C
__ptext6                  text6        000EA0
__ptext7                  text7        000DDC
__ptext8                  text8        001582
__ptext9                  text9        000F50
__ramtop                  ramtop       000600
__size_of___awdiv         (abs)        000000
__size_of___awmod         (abs)        000000
__size_of___lwdiv         (abs)        000000
__size_of___lwmod         (abs)        000000
__size_of___omul          (abs)        000000
__size_of_atraso_ms       (abs)        000000
__size_of_configuraLed    (abs)        000000
__size_of_conta           (abs)        000000
__size_of_desligarLedVet  (abs)        000000
__size_of_ht1380read      (abs)        000000
__size_of_ht1380write     (abs)        000000
__size_of_lcd_cmd         (abs)        000000
__size_of_lcd_dat         (abs)        000000
__size_of_lcd_init        (abs)        000000
__size_of_lcd_str         (abs)        000000
__size_of_lcd_wr          (abs)        000000
__size_of_ligarLedVet     (abs)        000000
__size_of_loading         (abs)        000000
__size_of_main            (abs)        000000
__size_of_mostraPontuacao (abs)        000000
__size_of_rand            (abs)        000000
__size_of_readByte        (abs)        000000
__size_of_rtcGetSeconds   (abs)        000000
__size_of_rtcInit         (abs)        000000
__size_of_rtcPutSeconds   (abs)        000000
__size_of_srand           (abs)        000000
__size_of_tc_tecla        (abs)        000000
__size_of_writeByte       (abs)        000000
__smallconst              smallconst   000600
_atraso                   dataCOMRAM   00005A
_atraso_min               dataCOMRAM   00005C
_atraso_ms                text24       0011EC
_configuraLed             text17       0015E0
_cont                     dataCOMRAM   000040
_contD                    dataCOMRAM   000060
_conta                    text25       000C06
_de                       bssCOMRAM    000076
_delay                    dataCOMRAM   00005E
_desligarLedVet           text16       0015CE
_ht1380read               text9        000F50
_ht1380write              text5        00153C
_i                        bssCOMRAM    000072
_k                        bssCOMRAM    000070
_lcd_cmd                  text22       001512
_lcd_dat                  text20       0014E8
_lcd_init                 text21       001372
_lcd_str                  text19       001428
_lcd_wr                   text23       0015E8
_ligarLedVet              text15       0015D8
_linha                    smallconst   000601
_loading                  text18       0012B4
_main                     text0        00068C
_mostraPontuacao          text14       001314
_numeros                  dataCOMRAM   00004A
_pontuacao                bssCOMRAM    000074
_pontuacaoLed             dataCOMRAM   000054
_rand                     text12       000D00
_readByte                 text11       00117A
_rtcGetSeconds            text8        001582
_rtcInit                  text3        0015A0
_rtcPutSeconds            text4        001478
_seed                     bssCOMRAM    000077
_seqCorreta               bssCOMRAM    000069
_seqTeclada               bssCOMRAM    000062
_srand                    text2        0014BA
_tc_tecla                 text1        000A3C
_valores7seg              dataBANK0    000080
_writeByte                text10       001092
atraso_ms@i               cstackCOMRAM 000003
atraso_ms@j               cstackCOMRAM 000005
atraso_ms@k               cstackCOMRAM 000006
atraso_ms@t               cstackCOMRAM 000001
desligarLedVet@num        cstackCOMRAM 000001
end_of_initialization     cinit        00141A
ht1380read@addr           cstackCOMRAM 000004
ht1380read@dados          cstackCOMRAM 000003
ht1380write@addr          cstackCOMRAM 00002A
ht1380write@dados         cstackCOMRAM 000029
intlevel0                 text         000000
intlevel1                 text         000000
intlevel2                 text         000000
intlevel3                 text         000000
lcd_cmd@val               cstackCOMRAM 000007
lcd_dat@val               cstackCOMRAM 000007
lcd_str@i                 cstackCOMRAM 00000C
lcd_str@str               cstackCOMRAM 000008
lcd_wr@val                cstackCOMRAM 000001
ligarLedVet@num           cstackCOMRAM 000001
loading@i                 cstackCOMRAM 00000D
main@aux                  cstackCOMRAM 000032
main@contaCerto           cstackCOMRAM 000030
main@i_117                cstackCOMRAM 000037
main@i_124                cstackCOMRAM 000034
main@j                    cstackCOMRAM 00003C
main@k                    cstackCOMRAM 00003A
main@nivel                cstackCOMRAM 000038
main@numNivel             cstackCOMRAM 00003E
main@tmp                  cstackCOMRAM 000036
mostraPontuacao@i         cstackCOMRAM 000007
readByte@dados            cstackCOMRAM 000001
readByte@i                cstackCOMRAM 000002
rtcGetSeconds@value       cstackCOMRAM 000006
rtcPutSeconds@seconds     cstackCOMRAM 00002D
srand@s                   cstackCOMRAM 000007
stackhi                   (abs)        0005FF
stacklo                   (abs)        000094
start                     init         000000
start_initialization      cinit        0013CE
tc_tecla@i                cstackCOMRAM 00000D
tc_tecla@ret              cstackCOMRAM 00000C
tc_tecla@timeout          cstackCOMRAM 000007
tc_tecla@tmp              cstackCOMRAM 00000B
tc_tecla@to               cstackCOMRAM 000009
writeByte@dados           cstackCOMRAM 000001
writeByte@i               cstackCOMRAM 000002


FUNCTION INFORMATION:

 *************** function _main *****************
 Defined at:
		line 69 in file "main.c"
 Parameters:    Size  Location     Type
		None
 Auto vars:     Size  Location     Type
  aux             2   49[COMRAM] int 
  j               2   59[COMRAM] int 
  i               2   51[COMRAM] int 
  i               1   54[COMRAM] unsigned char 
  k               2   57[COMRAM] int 
  numNivel        2   61[COMRAM] unsigned int 
  nivel           2   55[COMRAM] unsigned int 
  contaCerto      2   47[COMRAM] int 
  tmp             1   53[COMRAM] unsigned char 
  i               1    0        unsigned char 
 Return value:  Size  Location     Type
                  1    wreg      void 
 Registers used:
		wreg, fsr1l, fsr1h, fsr2l, fsr2h, status,2, status,0, tblptrl, tblptrh, tblptru, prodl, prodh, cstack
 Tracked objects:
		On entry : 
		On exit  : 
		Unchanged: 
 Data sizes:     COMRAM   BANK0   BANK1   BANK2   BANK3   BANK4   BANK5
      Params:         0       0       0       0       0       0       0
      Locals:        16       0       0       0       0       0       0
      Temps:          2       0       0       0       0       0       0
      Totals:        18       0       0       0       0       0       0
Total ram usage:       18 bytes
 Hardware stack levels required when called:    4
 This function calls:
		___awmod
		_atraso_ms
		_conta
		_lcd_cmd
		_lcd_dat
		_lcd_init
		_lcd_str
		_loading
		_mostraPontuacao
		_rand
		_rtcGetSeconds
		_rtcInit
		_srand
		_tc_tecla
 This function is called by:
		Startup code after reset
 This function uses a non-reentrant model


 *************** function _tc_tecla *****************
 Defined at:
		line 14 in file "teclado.c"
 Parameters:    Size  Location     Type
  timeout         2    6[COMRAM] unsigned int 
 Auto vars:     Size  Location     Type
  to              2    8[COMRAM] unsigned int 
  i               1   12[COMRAM] unsigned char 
  ret             1   11[COMRAM] unsigned char 
  tmp             1   10[COMRAM] unsigned char 
 Return value:  Size  Location     Type
                  1    wreg      unsigned char 
 Registers used:
		wreg, status,2, status,0, tblptrl, tblptrh, tblptru, cstack
 Tracked objects:
		On entry : 
		On exit  : 
		Unchanged: 
 Data sizes:     COMRAM   BANK0   BANK1   BANK2   BANK3   BANK4   BANK5
      Params:         2       0       0       0       0       0       0
      Locals:         5       0       0       0       0       0       0
      Temps:          0       0       0       0       0       0       0
      Totals:         7       0       0       0       0       0       0
Total ram usage:        7 bytes
 Hardware stack levels used:    1
 Hardware stack levels required when called:    1
 This function calls:
		_atraso_ms
 This function is called by:
		_main
 This function uses a non-reentrant model


 *************** function _srand *****************
 Defined at:
		line 10 in file "C:\Program Files (x86)\Microchip\xc8\v2.10\pic\sources\c99\common\rand.c"
 Parameters:    Size  Location     Type
  s               2    6[COMRAM] unsigned int 
 Auto vars:     Size  Location     Type
		None
 Return value:  Size  Location     Type
                  1    wreg      void 
 Registers used:
		wreg, status,2, status,0
 Tracked objects:
		On entry : 
		On exit  : 
		Unchanged: 
 Data sizes:     COMRAM   BANK0   BANK1   BANK2   BANK3   BANK4   BANK5
      Params:         2       0       0       0       0       0       0
      Locals:         0       0       0       0       0       0       0
      Temps:          4       0       0       0       0       0       0
      Totals:         6       0       0       0       0       0       0
Total ram usage:        6 bytes
 Hardware stack levels used:    1
 This function calls:
		Nothing
 This function is called by:
		_main
 This function uses a non-reentrant model


 *************** function _rtcInit *****************
 Defined at:
		line 46 in file "rtc.c"
 Parameters:    Size  Location     Type
		None
 Auto vars:     Size  Location     Type
		None
 Return value:  Size  Location     Type
                  1    wreg      void 
 Registers used:
		wreg, status,2, status,0, prodl, prodh, cstack
 Tracked objects:
		On entry : 
		On exit  : 
		Unchanged: 
 Data sizes:     COMRAM   BANK0   BANK1   BANK2   BANK3   BANK4   BANK5
      Params:         0       0       0       0       0       0       0
      Locals:         0       0       0       0       0       0       0
      Temps:          0       0       0       0       0       0       0
      Totals:         0       0       0       0       0       0       0
Total ram usage:        0 bytes
 Hardware stack levels used:    1
 Hardware stack levels required when called:    3
 This function calls:
		_ht1380write
		_rtcGetSeconds
		_rtcPutSeconds
 This function is called by:
		_main
 This function uses a non-reentrant model


 *************** function _rtcPutSeconds *****************
 Defined at:
		line 206 in file "rtc.c"
 Parameters:    Size  Location     Type
  seconds         1    wreg     unsigned char 
 Auto vars:     Size  Location     Type
  seconds         1   44[COMRAM] unsigned char 
 Return value:  Size  Location     Type
                  1    wreg      void 
 Registers used:
		wreg, status,2, status,0, cstack
 Tracked objects:
		On entry : 
		On exit  : 
		Unchanged: 
 Data sizes:     COMRAM   BANK0   BANK1   BANK2   BANK3   BANK4   BANK5
      Params:         0       0       0       0       0       0       0
      Locals:         1       0       0       0       0       0       0
      Temps:          2       0       0       0       0       0       0
      Totals:         3       0       0       0       0       0       0
Total ram usage:        3 bytes
 Hardware stack levels used:    1
 Hardware stack levels required when called:    2
 This function calls:
		___awdiv
		___awmod
		_ht1380write
 This function is called by:
		_rtcInit
 This function uses a non-reentrant model


 *************** function _ht1380write *****************
 Defined at:
		line 104 in file "rtc.c"
 Parameters:    Size  Location     Type
  addr            1    wreg     unsigned char 
  dados           1   40[COMRAM] unsigned char 
 Auto vars:     Size  Location     Type
  addr            1   41[COMRAM] unsigned char 
 Return value:  Size  Location     Type
                  1    wreg      void 
 Registers used:
		wreg, status,2, status,0, cstack
 Tracked objects:
		On entry : 
		On exit  : 
		Unchanged: 
 Data sizes:     COMRAM   BANK0   BANK1   BANK2   BANK3   BANK4   BANK5
      Params:         1       0       0       0       0       0       0
      Locals:         1       0       0       0       0       0       0
      Temps:          0       0       0       0       0       0       0
      Totals:         2       0       0       0       0       0       0
Total ram usage:        2 bytes
 Hardware stack levels used:    1
 Hardware stack levels required when called:    1
 This function calls:
		_writeByte
 This function is called by:
		_rtcInit
		_rtcPutSeconds
		_rtcSetDateTime
		_rtcPutMinutes
		_rtcPutHours
		_rtcPutDate
		_rtcPutMonth
		_rtcPutDay
		_rtcPutYear
 This function uses a non-reentrant model


 *************** function ___awmod *****************
 Defined at:
		line 7 in file "C:\Program Files (x86)\Microchip\xc8\v2.10\pic\sources\c99\common\awmod.c"
 Parameters:    Size  Location     Type
  dividend        2   34[COMRAM] int 
  divisor         2   36[COMRAM] int 
 Auto vars:     Size  Location     Type
  sign            1   39[COMRAM] unsigned char 
  counter         1   38[COMRAM] unsigned char 
 Return value:  Size  Location     Type
                  2   34[COMRAM] int 
 Registers used:
		wreg, status,2, status,0
 Tracked objects:
		On entry : 
		On exit  : 
		Unchanged: 
 Data sizes:     COMRAM   BANK0   BANK1   BANK2   BANK3   BANK4   BANK5
      Params:         4       0       0       0       0       0       0
      Locals:         2       0       0       0       0       0       0
      Temps:          0       0       0       0       0       0       0
      Totals:         6       0       0       0       0       0       0
Total ram usage:        6 bytes
 Hardware stack levels used:    1
 This function calls:
		Nothing
 This function is called by:
		_main
		_rtcPutSeconds
		_rtcPutMinutes
		_rtcPutHours
		_rtcPutDate
		_rtcPutMonth
		_rtcPutYear
 This function uses a non-reentrant model


 *************** function ___awdiv *****************
 Defined at:
		line 7 in file "C:\Program Files (x86)\Microchip\xc8\v2.10\pic\sources\c99\common\awdiv.c"
 Parameters:    Size  Location     Type
  dividend        2    0[COMRAM] int 
  divisor         2    2[COMRAM] int 
 Auto vars:     Size  Location     Type
  quotient        2    6[COMRAM] int 
  sign            1    5[COMRAM] unsigned char 
  counter         1    4[COMRAM] unsigned char 
 Return value:  Size  Location     Type
                  2    0[COMRAM] int 
 Registers used:
		wreg, status,2, status,0
 Tracked objects:
		On entry : 
		On exit  : 
		Unchanged: 
 Data sizes:     COMRAM   BANK0   BANK1   BANK2   BANK3   BANK4   BANK5
      Params:         4       0       0       0       0       0       0
      Locals:         4       0       0       0       0       0       0
      Temps:          0       0       0       0       0       0       0
      Totals:         8       0       0       0       0       0       0
Total ram usage:        8 bytes
 Hardware stack levels used:    1
 This function calls:
		Nothing
 This function is called by:
		_rtcPutSeconds
		_rtcPutMinutes
		_rtcPutHours
		_rtcPutDate
		_rtcPutMonth
		_rtcPutYear
 This function uses a non-reentrant model


 *************** function _rtcGetSeconds *****************
 Defined at:
		line 153 in file "rtc.c"
 Parameters:    Size  Location     Type
		None
 Auto vars:     Size  Location     Type
  value           1    5[COMRAM] unsigned char 
 Return value:  Size  Location     Type
                  1    wreg      unsigned char 
 Registers used:
		wreg, status,2, status,0, prodl, prodh, cstack
 Tracked objects:
		On entry : 
		On exit  : 
		Unchanged: 
 Data sizes:     COMRAM   BANK0   BANK1   BANK2   BANK3   BANK4   BANK5
      Params:         0       0       0       0       0       0       0
      Locals:         1       0       0       0       0       0       0
      Temps:          1       0       0       0       0       0       0
      Totals:         2       0       0       0       0       0       0
Total ram usage:        2 bytes
 Hardware stack levels used:    1
 Hardware stack levels required when called:    2
 This function calls:
		_ht1380read
 This function is called by:
		_main
		_rtcInit
 This function uses a non-reentrant model


 *************** function _ht1380read *****************
 Defined at:
		line 121 in file "rtc.c"
 Parameters:    Size  Location     Type
  addr            1    wreg     unsigned char 
 Auto vars:     Size  Location     Type
  addr            1    3[COMRAM] unsigned char 
  dados           1    2[COMRAM] unsigned char 
 Return value:  Size  Location     Type
                  1    wreg      unsigned char 
 Registers used:
		wreg, status,2, status,0, cstack
 Tracked objects:
		On entry : 
		On exit  : 
		Unchanged: 
 Data sizes:     COMRAM   BANK0   BANK1   BANK2   BANK3   BANK4   BANK5
      Params:         0       0       0       0       0       0       0
      Locals:         2       0       0       0       0       0       0
      Temps:          0       0       0       0       0       0       0
      Totals:         2       0       0       0       0       0       0
Total ram usage:        2 bytes
 Hardware stack levels used:    1
 Hardware stack levels required when called:    1
 This function calls:
		_readByte
		_writeByte
 This function is called by:
		_rtcGetSeconds
		_rtcGetMinutes
		_rtcGetHours
		_rtcGetDate
		_rtcGetMonth
		_rtcGetYear
		_rtcGetDay
 This function uses a non-reentrant model


 *************** function _writeByte *****************
 Defined at:
		line 63 in file "rtc.c"
 Parameters:    Size  Location     Type
  dados           1    wreg     unsigned char 
 Auto vars:     Size  Location     Type
  dados           1    0[COMRAM] unsigned char 
  i               1    1[COMRAM] unsigned char 
 Return value:  Size  Location     Type
                  1    wreg      void 
 Registers used:
		wreg, status,2, status,0
 Tracked objects:
		On entry : 
		On exit  : 
		Unchanged: 
 Data sizes:     COMRAM   BANK0   BANK1   BANK2   BANK3   BANK4   BANK5
      Params:         0       0       0       0       0       0       0
      Locals:         2       0       0       0       0       0       0
      Temps:          0       0       0       0       0       0       0
      Totals:         2       0       0       0       0       0       0
Total ram usage:        2 bytes
 Hardware stack levels used:    1
 This function calls:
		Nothing
 This function is called by:
		_ht1380write
		_ht1380read
 This function uses a non-reentrant model


 *************** function _readByte *****************
 Defined at:
		line 84 in file "rtc.c"
 Parameters:    Size  Location     Type
		None
 Auto vars:     Size  Location     Type
  i               1    1[COMRAM] unsigned char 
  dados           1    0[COMRAM] unsigned char 
 Return value:  Size  Location     Type
                  1    wreg      unsigned char 
 Registers used:
		wreg, status,2, status,0
 Tracked objects:
		On entry : 
		On exit  : 
		Unchanged: 
 Data sizes:     COMRAM   BANK0   BANK1   BANK2   BANK3   BANK4   BANK5
      Params:         0       0       0       0       0       0       0
      Locals:         2       0       0       0       0       0       0
      Temps:          0       0       0       0       0       0       0
      Totals:         2       0       0       0       0       0       0
Total ram usage:        2 bytes
 Hardware stack levels used:    1
 This function calls:
		Nothing
 This function is called by:
		_ht1380read
 This function uses a non-reentrant model


 *************** function _rand *****************
 Defined at:
		line 15 in file "C:\Program Files (x86)\Microchip\xc8\v2.10\pic\sources\c99\common\rand.c"
 Parameters:    Size  Location     Type
		None
 Auto vars:     Size  Location     Type
		None
 Return value:  Size  Location     Type
                  2   24[COMRAM] int 
 Registers used:
		wreg, fsr2l, fsr2h, status,2, status,0, cstack
 Tracked objects:
		On entry : 
		On exit  : 
		Unchanged: 
 Data sizes:     COMRAM   BANK0   BANK1   BANK2   BANK3   BANK4   BANK5
      Params:         2       0       0       0       0       0       0
      Locals:         0       0       0       0       0       0       0
      Temps:          8       0       0       0       0       0       0
      Totals:        10       0       0       0       0       0       0
Total ram usage:       10 bytes
 Hardware stack levels used:    1
 Hardware stack levels required when called:    1
 This function calls:
		___omul
 This function is called by:
		_main
 This function uses a non-reentrant model


 *************** function ___omul *****************
 Defined at:
		line 91 in file "C:\Program Files (x86)\Microchip\xc8\v2.10\pic\sources\c99\common\Umul64.c"
 Parameters:    Size  Location     Type
  multiplier      8    0[COMRAM] unsigned long long 
  multiplicand    8    8[COMRAM] unsigned long long 
 Auto vars:     Size  Location     Type
  product         8   16[COMRAM] unsigned long long 
 Return value:  Size  Location     Type
                  8    0[COMRAM] unsigned long long 
 Registers used:
		wreg, fsr2l, fsr2h, status,2, status,0
 Tracked objects:
		On entry : 
		On exit  : 
		Unchanged: 
 Data sizes:     COMRAM   BANK0   BANK1   BANK2   BANK3   BANK4   BANK5
      Params:        16       0       0       0       0       0       0
      Locals:         8       0       0       0       0       0       0
      Temps:          0       0       0       0       0       0       0
      Totals:        24       0       0       0       0       0       0
Total ram usage:       24 bytes
 Hardware stack levels used:    1
 This function calls:
		Nothing
 This function is called by:
		_rand
 This function uses a non-reentrant model


 *************** function _mostraPontuacao *****************
 Defined at:
		line 58 in file "main.c"
 Parameters:    Size  Location     Type
		None
 Auto vars:     Size  Location     Type
  i               2    6[COMRAM] int 
 Return value:  Size  Location     Type
                  1    wreg      void 
 Registers used:
		wreg, fsr2l, fsr2h, status,2, status,0, cstack
 Tracked objects:
		On entry : 
		On exit  : 
		Unchanged: 
 Data sizes:     COMRAM   BANK0   BANK1   BANK2   BANK3   BANK4   BANK5
      Params:         0       0       0       0       0       0       0
      Locals:         2       0       0       0       0       0       0
      Temps:          0       0       0       0       0       0       0
      Totals:         2       0       0       0       0       0       0
Total ram usage:        2 bytes
 Hardware stack levels used:    1
 Hardware stack levels required when called:    1
 This function calls:
		_atraso_ms
		_configuraLed
		_desligarLedVet
		_ligarLedVet
 This function is called by:
		_main
 This function uses a non-reentrant model


 *************** function _ligarLedVet *****************
 Defined at:
		line 14 in file "led.c"
 Parameters:    Size  Location     Type
  num             1    wreg     unsigned char 
 Auto vars:     Size  Location     Type
  num             1    0[COMRAM] unsigned char 
 Return value:  Size  Location     Type
                  1    wreg      void 
 Registers used:
		wreg
 Tracked objects:
		On entry : 
		On exit  : 
		Unchanged: 
 Data sizes:     COMRAM   BANK0   BANK1   BANK2   BANK3   BANK4   BANK5
      Params:         0       0       0       0       0       0       0
      Locals:         1       0       0       0       0       0       0
      Temps:          0       0       0       0       0       0       0
      Totals:         1       0       0       0       0       0       0
Total ram usage:        1 bytes
 Hardware stack levels used:    1
 This function calls:
		Nothing
 This function is called by:
		_mostraPontuacao
 This function uses a non-reentrant model


 *************** function _desligarLedVet *****************
 Defined at:
		line 22 in file "led.c"
 Parameters:    Size  Location     Type
  num             1    wreg     unsigned char 
 Auto vars:     Size  Location     Type
  num             1    0[COMRAM] unsigned char 
 Return value:  Size  Location     Type
                  1    wreg      void 
 Registers used:
		wreg, status,2, status,0
 Tracked objects:
		On entry : 
		On exit  : 
		Unchanged: 
 Data sizes:     COMRAM   BANK0   BANK1   BANK2   BANK3   BANK4   BANK5
      Params:         0       0       0       0       0       0       0
      Locals:         1       0       0       0       0       0       0
      Temps:          0       0       0       0       0       0       0
      Totals:         1       0       0       0       0       0       0
Total ram usage:        1 bytes
 Hardware stack levels used:    1
 This function calls:
		Nothing
 This function is called by:
		_mostraPontuacao
 This function uses a non-reentrant model


 *************** function _configuraLed *****************
 Defined at:
		line 9 in file "led.c"
 Parameters:    Size  Location     Type
		None
 Auto vars:     Size  Location     Type
		None
 Return value:  Size  Location     Type
                  1    wreg      void 
 Registers used:
		wreg, status,2
 Tracked objects:
		On entry : 
		On exit  : 
		Unchanged: 
 Data sizes:     COMRAM   BANK0   BANK1   BANK2   BANK3   BANK4   BANK5
      Params:         0       0       0       0       0       0       0
      Locals:         0       0       0       0       0       0       0
      Temps:          0       0       0       0       0       0       0
      Totals:         0       0       0       0       0       0       0
Total ram usage:        0 bytes
 Hardware stack levels used:    1
 This function calls:
		Nothing
 This function is called by:
		_mostraPontuacao
 This function uses a non-reentrant model


 *************** function _loading *****************
 Defined at:
		line 23 in file "main.c"
 Parameters:    Size  Location     Type
		None
 Auto vars:     Size  Location     Type
  i               2   12[COMRAM] int 
 Return value:  Size  Location     Type
                  1    wreg      void 
 Registers used:
		wreg, status,2, status,0, tblptrl, tblptrh, tblptru, cstack
 Tracked objects:
		On entry : 
		On exit  : 
		Unchanged: 
 Data sizes:     COMRAM   BANK0   BANK1   BANK2   BANK3   BANK4   BANK5
      Params:         0       0       0       0       0       0       0
      Locals:         2       0       0       0       0       0       0
      Temps:          0       0       0       0       0       0       0
      Totals:         2       0       0       0       0       0       0
Total ram usage:        2 bytes
 Hardware stack levels used:    1
 Hardware stack levels required when called:    3
 This function calls:
		_atraso_ms
		_lcd_cmd
		_lcd_dat
		_lcd_str
 This function is called by:
		_main
 This function uses a non-reentrant model


 *************** function _lcd_str *****************
 Defined at:
		line 48 in file "lcd.c"
 Parameters:    Size  Location     Type
  str             2    7[COMRAM] PTR const unsigned char 
		 -> STR_14(14), STR_13(13), STR_12(14), STR_11(15), 
		 -> STR_10(14), STR_9(15), STR_8(2), STR_7(8), 
		 -> STR_6(10), STR_5(2), STR_4(14), STR_3(14), 
		 -> STR_2(15), STR_1(15), 
 Auto vars:     Size  Location     Type
  i               1   11[COMRAM] unsigned char 
 Return value:  Size  Location     Type
                  1    wreg      void 
 Registers used:
		wreg, status,2, status,0, tblptrl, tblptrh, tblptru, cstack
 Tracked objects:
		On entry : 
		On exit  : 
		Unchanged: 
 Data sizes:     COMRAM   BANK0   BANK1   BANK2   BANK3   BANK4   BANK5
      Params:         2       0       0       0       0       0       0
      Locals:         1       0       0       0       0       0       0
      Temps:          2       0       0       0       0       0       0
      Totals:         5       0       0       0       0       0       0
Total ram usage:        5 bytes
 Hardware stack levels used:    1
 Hardware stack levels required when called:    2
 This function calls:
		_lcd_dat
 This function is called by:
		_loading
		_main
 This function uses a non-reentrant model


 *************** function _lcd_dat *****************
 Defined at:
		line 19 in file "lcd.c"
 Parameters:    Size  Location     Type
  val             1    wreg     unsigned char 
 Auto vars:     Size  Location     Type
  val             1    6[COMRAM] unsigned char 
 Return value:  Size  Location     Type
                  1    wreg      void 
 Registers used:
		wreg, status,2, status,0, cstack
 Tracked objects:
		On entry : 
		On exit  : 
		Unchanged: 
 Data sizes:     COMRAM   BANK0   BANK1   BANK2   BANK3   BANK4   BANK5
      Params:         0       0       0       0       0       0       0
      Locals:         1       0       0       0       0       0       0
      Temps:          0       0       0       0       0       0       0
      Totals:         1       0       0       0       0       0       0
Total ram usage:        1 bytes
 Hardware stack levels used:    1
 Hardware stack levels required when called:    1
 This function calls:
		_atraso_ms
		_lcd_wr
 This function is called by:
		_loading
		_main
		_lcd_str
 This function uses a non-reentrant model


 *************** function _lcd_init *****************
 Defined at:
		line 29 in file "lcd.c"
 Parameters:    Size  Location     Type
		None
 Auto vars:     Size  Location     Type
		None
 Return value:  Size  Location     Type
                  1    wreg      void 
 Registers used:
		wreg, status,2, status,0, cstack
 Tracked objects:
		On entry : 
		On exit  : 
		Unchanged: 
 Data sizes:     COMRAM   BANK0   BANK1   BANK2   BANK3   BANK4   BANK5
      Params:         0       0       0       0       0       0       0
      Locals:         0       0       0       0       0       0       0
      Temps:          0       0       0       0       0       0       0
      Totals:         0       0       0       0       0       0       0
Total ram usage:        0 bytes
 Hardware stack levels used:    1
 Hardware stack levels required when called:    2
 This function calls:
		_atraso_ms
		_lcd_cmd
 This function is called by:
		_main
 This function uses a non-reentrant model


 *************** function _lcd_cmd *****************
 Defined at:
		line 9 in file "lcd.c"
 Parameters:    Size  Location     Type
  val             1    wreg     unsigned char 
 Auto vars:     Size  Location     Type
  val             1    6[COMRAM] unsigned char 
 Return value:  Size  Location     Type
                  1    wreg      void 
 Registers used:
		wreg, status,2, status,0, cstack
 Tracked objects:
		On entry : 
		On exit  : 
		Unchanged: 
 Data sizes:     COMRAM   BANK0   BANK1   BANK2   BANK3   BANK4   BANK5
      Params:         0       0       0       0       0       0       0
      Locals:         1       0       0       0       0       0       0
      Temps:          0       0       0       0       0       0       0
      Totals:         1       0       0       0       0       0       0
Total ram usage:        1 bytes
 Hardware stack levels used:    1
 Hardware stack levels required when called:    1
 This function calls:
		_atraso_ms
		_lcd_wr
 This function is called by:
		_loading
		_main
		_lcd_init
 This function uses a non-reentrant model


 *************** function _lcd_wr *****************
 Defined at:
		line 5 in file "lcd.c"
 Parameters:    Size  Location     Type
  val             1    wreg     unsigned char 
 Auto vars:     Size  Location     Type
  val             1    0[COMRAM] unsigned char 
 Return value:  Size  Location     Type
                  1    wreg      void 
 Registers used:
		wreg
 Tracked objects:
		On entry : 
		On exit  : 
		Unchanged: 
 Data sizes:     COMRAM   BANK0   BANK1   BANK2   BANK3   BANK4   BANK5
      Params:         0       0       0       0       0       0       0
      Locals:         1       0       0       0       0       0       0
      Temps:          0       0       0       0       0       0       0
      Totals:         1       0       0       0       0       0       0
Total ram usage:        1 bytes
 Hardware stack levels used:    1
 This function calls:
		Nothing
 This function is called by:
		_lcd_cmd
		_lcd_dat
 This function uses a non-reentrant model


 *************** function _atraso_ms *****************
 Defined at:
		line 3 in file "delay.c"
 Parameters:    Size  Location     Type
  t               2    0[COMRAM] int 
 Auto vars:     Size  Location     Type
  i               2    2[COMRAM] volatile unsigned int 
  k               1    5[COMRAM] volatile unsigned char 
  j               1    4[COMRAM] volatile unsigned char 
 Return value:  Size  Location     Type
                  1    wreg      void 
 Registers used:
		wreg, status,2, status,0
 Tracked objects:
		On entry : 
		On exit  : 
		Unchanged: 
 Data sizes:     COMRAM   BANK0   BANK1   BANK2   BANK3   BANK4   BANK5
      Params:         2       0       0       0       0       0       0
      Locals:         4       0       0       0       0       0       0
      Temps:          0       0       0       0       0       0       0
      Totals:         6       0       0       0       0       0       0
Total ram usage:        6 bytes
 Hardware stack levels used:    1
 This function calls:
		Nothing
 This function is called by:
		_loading
		_mostraPontuacao
		_main
		_lcd_cmd
		_lcd_dat
		_lcd_init
		_tc_tecla
 This function uses a non-reentrant model


 *************** function _conta *****************
 Defined at:
		line 35 in file "main.c"
 Parameters:    Size  Location     Type
		None
 Auto vars:     Size  Location     Type
		None
 Return value:  Size  Location     Type
                  1    wreg      void 
 Registers used:
		wreg, fsr2l, fsr2h, status,2, status,0, cstack
 Tracked objects:
		On entry : 
		On exit  : 
		Unchanged: 
 Data sizes:     COMRAM   BANK0   BANK1   BANK2   BANK3   BANK4   BANK5
      Params:         0       0       0       0       0       0       0
      Locals:         0       0       0       0       0       0       0
      Temps:          0       0       0       0       0       0       0
      Totals:         0       0       0       0       0       0       0
Total ram usage:        0 bytes
 Hardware stack levels used:    1
 Hardware stack levels required when called:    1
 This function calls:
		___lwdiv
		___lwmod
 This function is called by:
		_main
 This function uses a non-reentrant model


 *************** function ___lwmod *****************
 Defined at:
		line 7 in file "C:\Program Files (x86)\Microchip\xc8\v2.10\pic\sources\c99\common\lwmod.c"
 Parameters:    Size  Location     Type
  dividend        2    7[COMRAM] unsigned int 
  divisor         2    9[COMRAM] unsigned int 
 Auto vars:     Size  Location     Type
  counter         1   11[COMRAM] unsigned char 
 Return value:  Size  Location     Type
                  2    7[COMRAM] unsigned int 
 Registers used:
		wreg, status,2, status,0
 Tracked objects:
		On entry : 
		On exit  : 
		Unchanged: 
 Data sizes:     COMRAM   BANK0   BANK1   BANK2   BANK3   BANK4   BANK5
      Params:         4       0       0       0       0       0       0
      Locals:         1       0       0       0       0       0       0
      Temps:          0       0       0       0       0       0       0
      Totals:         5       0       0       0       0       0       0
Total ram usage:        5 bytes
 Hardware stack levels used:    1
 This function calls:
		Nothing
 This function is called by:
		_conta
 This function uses a non-reentrant model


 *************** function ___lwdiv *****************
 Defined at:
		line 7 in file "C:\Program Files (x86)\Microchip\xc8\v2.10\pic\sources\c99\common\lwdiv.c"
 Parameters:    Size  Location     Type
  dividend        2    0[COMRAM] unsigned int 
  divisor         2    2[COMRAM] unsigned int 
 Auto vars:     Size  Location     Type
  quotient        2    4[COMRAM] unsigned int 
  counter         1    6[COMRAM] unsigned char 
 Return value:  Size  Location     Type
                  2    0[COMRAM] unsigned int 
 Registers used:
		wreg, status,2, status,0
 Tracked objects:
		On entry : 
		On exit  : 
		Unchanged: 
 Data sizes:     COMRAM   BANK0   BANK1   BANK2   BANK3   BANK4   BANK5
      Params:         4       0       0       0       0       0       0
      Locals:         3       0       0       0       0       0       0
      Temps:          0       0       0       0       0       0       0
      Totals:         7       0       0       0       0       0       0
Total ram usage:        7 bytes
 Hardware stack levels used:    1
 This function calls:
		Nothing
 This function is called by:
		_conta
 This function uses a non-reentrant model



MODULE INFORMATION

Module		Function		Class		Link	Load	Size
C:\Program Files (x86)\Microchip\xc8\v2.10\pic\sources\c99\common\rand.c
		_srand         		CODE           	14BA	0000	47
		_rand          		CODE           	0D00	0000	221

C:\Program Files (x86)\Microchip\xc8\v2.10\pic\sources\c99\common\rand.c estimated size: 268

delay.c
		_atraso_ms     		CODE           	11EC	0000	101

delay.c estimated size: 101

C:\Program Files (x86)\Microchip\xc8\v2.10\pic\sources\c99\common\lwdiv.c
		___lwdiv       		CODE           	1106	0000	117

C:\Program Files (x86)\Microchip\xc8\v2.10\pic\sources\c99\common\lwdiv.c estimated size: 117

C:\Program Files (x86)\Microchip\xc8\v2.10\pic\sources\c99\common\awdiv.c
		___awdiv       		CODE           	0DDC	0000	197

C:\Program Files (x86)\Microchip\xc8\v2.10\pic\sources\c99\common\awdiv.c estimated size: 197

teclado.c
		_tc_tecla      		CODE           	0A3C	0000	459

teclado.c estimated size: 459

shared
		__initialization		CODE           	13CE	0000	77
		_linha         		SMALLCONST     	0601	0000	5

shared estimated size: 82

rtc.c
		_readByte      		CODE           	117A	0000	115
		_rtcInit       		CODE           	15A0	0000	27
		_rtcPutSeconds 		CODE           	1478	0000	67
		_ht1380write   		CODE           	153C	0000	37
		_writeByte     		CODE           	1092	0000	117
		_rtcGetSeconds 		CODE           	1582	0000	31
		_ht1380read    		CODE           	0F50	0000	165

rtc.c estimated size: 559

lcd.c
		_lcd_cmd       		CODE           	1512	0000	43
		_lcd_dat       		CODE           	14E8	0000	43
		_lcd_wr        		CODE           	15E8	0000	9
		_lcd_str       		CODE           	1428	0000	81
		_lcd_init      		CODE           	1372	0000	93

lcd.c estimated size: 269

C:\Program Files (x86)\Microchip\xc8\v2.10\pic\sources\c99\common\Umul64.c
		___omul        		CODE           	0FF4	0000	159

C:\Program Files (x86)\Microchip\xc8\v2.10\pic\sources\c99\common\Umul64.c estimated size: 159

C:\Program Files (x86)\Microchip\xc8\v2.10\pic\sources\c99\common\lwmod.c
		___lwmod       		CODE           	1250	0000	101

C:\Program Files (x86)\Microchip\xc8\v2.10\pic\sources\c99\common\lwmod.c estimated size: 101

C:\Program Files (x86)\Microchip\xc8\v2.10\pic\sources\c99\common\awmod.c
		___awmod       		CODE           	0EA0	0000	177

C:\Program Files (x86)\Microchip\xc8\v2.10\pic\sources\c99\common\awmod.c estimated size: 177

main.c
		_mostraPontuacao		CODE           	1314	0000	95
		_loading       		CODE           	12B4	0000	97
		_main          		CODE           	068C	0000	945
		_conta         		CODE           	0C06	0000	251

main.c estimated size: 1388

led.c
		_desligarLedVet		CODE           	15CE	0000	11
		_configuraLed  		CODE           	15E0	0000	9
		_ligarLedVet   		CODE           	15D8	0000	9

led.c estimated size: 29

